1.1445e+00 1.1237e+00 1.0982e+00 1.1179e+00 1.1142e+00 -4.1500e-01 -3.0447e-01 1.4248e-01 4.5933e-02 -1.7629e-01
1.1323e+00 1.1189e+00 1.0946e+00 1.1127e+00 1.1077e+00 1.3212e-01 -5.6663e-01 2.9864e-01 1.9226e-02 -4.2877e-01
1.1440e+00 1.1188e+00 1.0944e+00 1.1096e+00 1.1031e+00 -7.6752e-02 2.1746e-01 1.9270e-01 -6.4978e-02 7.1001e-02
1.1449e+00 1.1267e+00 1.1047e+00 1.1226e+00 1.1197e+00 1.5236e-01 2.7441e-01 2.0123e-02 9.6711e-02 1.9471e-02
1.1506e+00 1.1279e+00 1.1040e+00 1.1245e+00 1.1206e+00 -9.0983e-02 4.1076e-03 2.1872e-01 3.9041e-01 -2.6297e-01
1.1442e+00 1.1260e+00 1.1058e+00 1.1259e+00 1.1192e+00 3.3111e-01 -1.1611e-01 -1.9982e-01 8.7835e-02 -1.7102e-01
1.1505e+00 1.1223e+00 1.0923e+00 1.1134e+00 1.1083e+00 -1.5593e-01 7.2157e-03 3.8050e-01 2.3848e-01 -1.9025e-01
1.1430e+00 1.1263e+00 1.1082e+00 1.1261e+00 1.1204e+00 -4.6146e-01 -1.7997e-01 -2.1724e-02 -1.8677e-01 -5.2463e-02
1.1302e+00 1.1175e+00 1.0889e+00 1.1068e+00 1.1034e+00 9.6621e-02 -3.4898e-01 4.9553e-01 2.0885e-01 -4.7432e-02
1.1487e+00 1.1265e+00 1.1119e+00 1.1294e+00 1.1247e+00 -4.0233e-01 2.2268e-02 1.2559e-01 3.3284e-01 -4.5957e-03
1.1370e+00 1.1253e+00 1.1055e+00 1.1273e+00 1.1224e+00 -3.5453e-02 2.5253e-01 2.1890e-01 -3.1498e-02 9.5183e-02
1.1466e+00 1.1279e+00 1.1069e+00 1.1251e+00 1.1222e+00 -5.5359e-01 -2.6050e-01 3.0999e-01 4.3709e-01 1.6032e-01
1.1340e+00 1.1256e+00 1.1121e+00 1.1343e+00 1.1302e+00 2.4879e-02 -1.4190e-01 -3.1506e-01 2.5590e-01 -2.0521e-01
1.1428e+00 1.1206e+00 1.0898e+00 1.1132e+00 1.1073e+00 2.2329e-01 1.3775e-01 1.2108e-01 -2.2329e-02 -1.5272e-01
1.1505e+00 1.1257e+00 1.1005e+00 1.1181e+00 1.1136e+00 -9.5334e-02 -9.8382e-02 -9.6966e-03 1.3292e-01 9.6499e-02
1.1428e+00 1.1241e+00 1.1010e+00 1.1225e+00 1.1190e+00 1.0693e-01 2.5260e-01 -1.4209e-01 7.0407e-02 -3.1983e-01
1.1463e+00 1.1233e+00 1.0924e+00 1.1119e+00 1.1060e+00 2.9682e-01 -1.3073e-02 -3.4231e-01 -8.3353e-02 -4.3093e-02
1.1491e+00 1.1215e+00 1.0883e+00 1.1096e+00 1.1060e+00 2.2415e-01 1.5452e-02 -1.2364e-01 -2.1403e-01 5.0147e-02
1.1485e+00 1.1228e+00 1.0932e+00 1.1121e+00 1.1096e+00 -4.0106e-01 -1.9594e-02 -2.8526e-01 -1.8281e-02 -7.4075e-02
1.1320e+00 1.1183e+00 1.0864e+00 1.1077e+00 1.1036e+00 -2.0401e-01 -5.5704e-02 -2.2034e-01 -4.5237e-02 -3.0994e-01
1.1357e+00 1.1175e+00 1.0839e+00 1.1031e+00 1.0976e+00 -1.2762e-01 -1.0090e-01 -2.3649e-01 -2.1012e-01 -6.7603e-02
1.1378e+00 1.1180e+00 1.0850e+00 1.1042e+00 1.1009e+00 -2.5045e-01 -3.8367e-01 -2.5095e-01 -1.7338e-01 1.0220e-01
1.1342e+00 1.1165e+00 1.0856e+00 1.1063e+00 1.1039e+00 1.1395e-01 3.6125e-01 3.6482e-01 -1.4820e-01 -4.8737e-01
1.1478e+00 1.1252e+00 1.0992e+00 1.1119e+00 1.1056e+00 -4.5612e-01 -1.9917e-01 -5.9170e-02 9.0922e-02 2.0383e-01
1.1331e+00 1.1214e+00 1.0980e+00 1.1201e+00 1.1175e+00 -3.9361e-02 -3.6817e-02 -5.3659e-02 -1.4411e-01 -3.7061e-01
1.1400e+00 1.1186e+00 1.0864e+00 1.1030e+00 1.0974e+00 -2.4609e-01 -8.3546e-02 8.8671e-03 -2.3213e-01 1.3353e-01
1.1373e+00 1.1209e+00 1.0945e+00 1.1127e+00 1.1107e+00 7.8238e-04 1.1804e-01 -3.4219e-02 1.7273e-04 5.0335e-02
1.1453e+00 1.1249e+00 1.0992e+00 1.1194e+00 1.1161e+00 9.7015e-02 4.1113e-01 -5.1124e-01 -3.2336e-01 -5.9046e-02
1.1441e+00 1.1205e+00 1.0810e+00 1.1013e+00 1.0984e+00 -7.4147e-02 2.1500e-01 -1.5345e-02 -1.4507e-01 -2.6357e-01
1.1414e+00 1.1217e+00 1.0913e+00 1.1082e+00 1.1034e+00 -1.1651e-01 2.8889e-01 1.0486e-01 -3.8481e-01 1.4585e-01
1.1424e+00 1.1244e+00 1.0981e+00 1.1142e+00 1.1128e+00 -1.8557e-02 4.1891e-01 -1.2806e-01 9.8453e-02 -2.3017e-01
1.1449e+00 1.1251e+00 1.0956e+00 1.1158e+00 1.1103e+00 3.4102e-01 2.3018e-01 2.2170e-01 1.5140e-01 -1.1706e-01
1.1556e+00 1.1295e+00 1.1084e+00 1.1270e+00 1.1221e+00 -9.7647e-02 1.1569e-01 2.9648e-01 -4.9010e-02 2.3437e-01
1.1454e+00 1.1280e+00 1.1098e+00 1.1280e+00 1.1260e+00 -4.1295e-01 1.6348e-03 -8.0289e-02 4.3811e-02 -1.6810e-01
1.1328e+00 1.1198e+00 1.0913e+00 1.1111e+00 1.1062e+00 -6.6010e-02 -3.9767e-02 2.4372e-02 2.6110e-02 -3.0173e-01
1.1412e+00 1.1210e+00 1.0929e+00 1.1109e+00 1.1052e+00 -7.3550e-02 2.5441e-01 4.5365e-02 -4.3304e-01 -2.4762e-02
1.1417e+00 1.1221e+00 1.0923e+00 1.1074e+00 1.1051e+00 1.1470e-01 -3.7051e-02 2.8142e-02 5.6158e-02 1.1941e-01
1.1483e+00 1.1257e+00 1.1026e+00 1.1233e+00 1.1202e+00 -4.6826e-01 8.4954e-02 -8.5276e-03 -1.4660e-01 -2.4099e-01
1.1307e+00 1.1186e+00 1.0885e+00 1.1055e+00 1.1008e+00 -1.4640e-01 1.4436e-01 9.0010e-02 2.5232e-01 -1.2823e-02
1.1435e+00 1.1267e+00 1.1054e+00 1.1266e+00 1.1220e+00 -3.4313e-01 -3.3365e-03 -1.1891e-01 2.3494e-01 -1.2605e-02
1.1364e+00 1.1226e+00 1.0973e+00 1.1200e+00 1.1154e+00 -2.1447e-01 2.0673e-01 -5.0730e-02 -2.9072e-01 2.2451e-01
1.1396e+00 1.1233e+00 1.0960e+00 1.1147e+00 1.1135e+00 -2.8377e-01 -7.6707e-02 8.6189e-02 -6.6786e-02 -4.5518e-01
1.1343e+00 1.1180e+00 1.0882e+00 1.1040e+00 1.0976e+00 -3.4587e-01 -1.2735e-01 5.4981e-02 -1.3500e-01 -6.0951e-02
1.1342e+00 1.1196e+00 1.0929e+00 1.1106e+00 1.1070e+00 -2.9695e-01 -3.7020e-02 -2.2519e-01 -2.8992e-01 1.2306e-01
1.1345e+00 1.1186e+00 1.0870e+00 1.1065e+00 1.1046e+00 -3.9107e-02 3.6401e-01 3.0152e-01 -2.0215e-02 -1.0455e-01
1.1465e+00 1.1279e+00 1.1064e+00 1.1230e+00 1.1187e+00 -1.8553e-01 1.3415e-01 2.5494e-01 1.7797e-01 1.5457e-01
1.1438e+00 1.1285e+00 1.1111e+00 1.1313e+00 1.1280e+00 9.6821e-02 -6.9797e-02 3.1023e-02 -1.5373e-01 -3.2624e-02
1.1456e+00 1.1224e+00 1.0955e+00 1.1133e+00 1.1100e+00 -3.6122e-01 1.3640e-02 2.4482e-01 3.3226e-02 -2.3453e-02
1.1369e+00 1.1239e+00 1.1028e+00 1.1208e+00 1.1169e+00 -3.1542e-02 -2.2558e-01 -3.1968e-01 -2.3873e-02 -2.7215e-01
1.1389e+00 1.1167e+00 1.0820e+00 1.1024e+00 1.0970e+00 -6.7128e-01 4.8636e-01 -6.2383e-02 -3.9543e-01 1.0871e-01
1.1280e+00 1.1212e+00 1.0911e+00 1.1082e+00 1.1066e+00 -1.7800e-02 8.5601e-02 -9.7317e-02 -1.8347e-01 -2.8430e-01
1.1413e+00 1.1198e+00 1.0872e+00 1.1043e+00 1.0995e+00 4.6293e-02 9.5990e-02 5.0557e-02 2.5139e-02 2.5618e-02
1.1468e+00 1.1256e+00 1.1015e+00 1.1212e+00 1.1176e+00 -2.5628e-01 -3.2972e-01 -3.0452e-02 -1.2972e-01 4.6011e-02
1.1355e+00 1.1186e+00 1.0917e+00 1.1107e+00 1.1078e+00 -3.3100e-01 -4.1619e-02 1.8213e-02 1.7331e-01 9.6600e-02
1.1375e+00 1.1238e+00 1.1015e+00 1.1232e+00 1.1196e+00 3.0396e-01 -1.4070e-01 1.1551e-01 2.8616e-02 -3.0616e-01
1.1503e+00 1.1229e+00 1.0966e+00 1.1139e+00 1.1082e+00 -3.0856e-01 1.8358e-01 -2.1242e-01 -2.7915e-03 2.5853e-01
1.1379e+00 1.1239e+00 1.0971e+00 1.1199e+00 1.1179e+00 -1.6958e-01 5.3893e-02 1.4477e-01 1.8339e-03 1.0916e-01
1.1420e+00 1.1253e+00 1.1036e+00 1.1227e+00 1.1198e+00 -5.1532e-01 1.2622e-01 -6.9485e-03 2.5194e-01 5.8936e-02
1.1338e+00 1.1243e+00 1.1019e+00 1.1243e+00 1.1201e+00 1.6185e-01 1.8483e-03 5.6516e-01 2.4897e-01 -1.1862e-01
1.1524e+00 1.1301e+00 1.1162e+00 1.1331e+00 1.1279e+00 6.9021e-02 2.0905e-01 1.0508e-01 -4.5161e-01 -7.1812e-01
